// Vitest Snapshot v1, https://vitest.dev/guide/snapshot.html

exports[`CRUDOverview > Snapshot > should render consistently 1`] = `
<div
  class="card"
>
  <div
    class="card-header"
  >
    <strong>
      CRUD Operations Overview
    </strong>
  </div>
  <div
    class="card-body"
  >
    <div
      class="row"
    >
      <div
        class="col-md-3"
      >
        <h6>
          Create
        </h6>
        <p
          class="small text-muted"
        >
          Add new users with the form above
        </p>
      </div>
      <div
        class="col-md-3"
      >
        <h6>
          Read
        </h6>
        <p
          class="small text-muted"
        >
          View all users in the table
        </p>
      </div>
      <div
        class="col-md-3"
      >
        <h6>
          Update
        </h6>
        <p
          class="small text-muted"
        >
          Edit users or toggle their status
        </p>
      </div>
      <div
        class="col-md-3"
      >
        <h6>
          Delete
        </h6>
        <p
          class="small text-muted"
        >
          Remove users with confirmation
        </p>
      </div>
    </div>
  </div>
</div>
`;
